it-works
